==== start svg ====
XObject #1
vb 0 0 141.732283464567 113.385826771654 => bb 0.00 0.00 141.73 113.39
translate( 0.00 113.39 )
vb rect( 0.00 0.00 141.73 -113.39)
xo fill_color black (initial)
  start handling image (SVGPDF::Image)
  image x=0 y=0 w=50 h=50
  xo save
  xo restore
  end handling image
==== end svg ====
